stm32f4xx_hal_hcd.c:110:19:HAL_HCD_Init	80	static
stm32f4xx_hal_hcd.c:200:19:HAL_HCD_HC_Init	48	static
stm32f4xx_hal_hcd.c:248:19:HAL_HCD_HC_Halt	24	static
stm32f4xx_hal_hcd.c:264:19:HAL_HCD_DeInit	16	static
stm32f4xx_hal_hcd.c:299:14:HAL_HCD_MspInit	16	static
stm32f4xx_hal_hcd.c:314:14:HAL_HCD_MspDeInit	16	static
stm32f4xx_hal_hcd.c:366:19:HAL_HCD_HC_SubmitRequest	16	static
stm32f4xx_hal_hcd.c:493:6:HAL_HCD_IRQHandler	32	static
stm32f4xx_hal_hcd.c:613:6:HAL_HCD_WKUP_IRQHandler	16	static
stm32f4xx_hal_hcd.c:624:13:HAL_HCD_SOF_Callback	16	static
stm32f4xx_hal_hcd.c:639:13:HAL_HCD_Connect_Callback	16	static
stm32f4xx_hal_hcd.c:654:13:HAL_HCD_Disconnect_Callback	16	static
stm32f4xx_hal_hcd.c:669:13:HAL_HCD_PortEnabled_Callback	16	static
stm32f4xx_hal_hcd.c:684:13:HAL_HCD_PortDisabled_Callback	16	static
stm32f4xx_hal_hcd.c:709:13:HAL_HCD_HC_NotifyURBChange_Callback	16	static
stm32f4xx_hal_hcd.c:1025:19:HAL_HCD_Start	16	static
stm32f4xx_hal_hcd.c:1044:19:HAL_HCD_Stop	16	static
stm32f4xx_hal_hcd.c:1058:19:HAL_HCD_ResetPort	16	static
stm32f4xx_hal_hcd.c:1087:18:HAL_HCD_GetState	16	static
stm32f4xx_hal_hcd.c:1106:21:HAL_HCD_HC_GetURBState	16	static
stm32f4xx_hal_hcd.c:1119:10:HAL_HCD_HC_GetXferCount	16	static
stm32f4xx_hal_hcd.c:1141:21:HAL_HCD_HC_GetState	16	static
stm32f4xx_hal_hcd.c:1151:10:HAL_HCD_GetCurrentFrame	16	static
stm32f4xx_hal_hcd.c:1161:10:HAL_HCD_GetCurrentSpeed	16	static
stm32f4xx_hal_hcd.c:1184:13:HCD_HC_IN_IRQHandler	32	static
stm32f4xx_hal_hcd.c:1393:13:HCD_HC_OUT_IRQHandler	40	static
stm32f4xx_hal_hcd.c:1582:13:HCD_RXQLVL_IRQHandler	48	static
stm32f4xx_hal_hcd.c:1648:13:HCD_Port_IRQHandler	32	static
